// Jest Snapshot v1, https://goo.gl/fbAQLP

exports[`the <ReuseableForm /> component renders correctly 1`] = `null`;
